ac
aliquam
amet
at
at
blandit
blandit
consectetur
cursus
diam
diam
dui
duis
eget
eget
elementum
elementum
elit
enim
enim
est
et
etiam
eu
eu
facilisis
faucibus
felis
fermentum
gravida
id
id
imperdiet
imperdiet
in
interdum
laoreet
lectus
leo
leo
libero
lobortis
magna
malesuada
massa
massa
mattis
metus
mi
molestie
morbi
nec
neque
neque
nibh
nisi
nisl
non
non
non
nulla
nulla
nulla
nullam
nunc
nunc
orci
orci
pellentesque
porta
porttitor
proin
pulvinar
quam
quis
risus
sagittis
scelerisque
semper
sit
suspendisse
tellus
tellus
tellus
tempor
tempus
tincidunt
tincidunt
ultrices
ut
ut
ut
vel
venenatis
vestibulum
vitae
vitae
volutpat
vulputate
